// Jest Snapshot v1, https://goo.gl/fbAQLP

exports[`Single Renders with props 1`] = `
ShallowWrapper {
  "length": 1,
  Symbol(enzyme.__root__): [Circular],
  Symbol(enzyme.__unrendered__): <Single
    photos={
        Array [
            Object {
              "id": "123",
              "images": Object {
                "downsized_medium": Object {
                  "url": "test_url",
                },
              },
              "title": "test title",
            },
          ]
    }
/>,
  Symbol(enzyme.__renderer__): Object {
    "batchedUpdates": [Function],
    "getNode": [Function],
    "render": [Function],
    "simulateEvent": [Function],
    "unmount": [Function],
  },
  Symbol(enzyme.__node__): Object {
    "instance": null,
    "key": undefined,
    "nodeType": "host",
    "props": Object {
      "children": Array [
        <div
          className="single-photo"
>
          <div
                    className="error-output"
          >
                    Error loading photo.
                    <br />
                    <Link
                              replace={false}
                              to="/"
                    >
                              To the main page
                    </Link>
          </div>
</div>,
        <div
          className="thumbnails"
>
          <Closer />
           
          <div
                    className="single-photo thumbnail next"
                    onClick={undefined}
          >
                    <Photo
                              photo={
                                        Object {
                                                  "id": "123",
                                                  "images": Object {
                                                    "downsized_medium": Object {
                                                      "url": "test_url",
                                                    },
                                                  },
                                                  "title": "test title",
                                                }
                              }
                    />
          </div>
</div>,
      ],
      "className": "single-photo-display",
    },
    "ref": null,
    "rendered": Array [
      Object {
        "instance": null,
        "key": undefined,
        "nodeType": "host",
        "props": Object {
          "children": <div
            className="error-output"
>
            Error loading photo.
            <br />
            <Link
                        replace={false}
                        to="/"
            >
                        To the main page
            </Link>
</div>,
          "className": "single-photo",
        },
        "ref": null,
        "rendered": Object {
          "instance": null,
          "key": undefined,
          "nodeType": "host",
          "props": Object {
            "children": Array [
              "Error loading photo.",
              <br />,
              <Link
                replace={false}
                to="/"
>
                To the main page
</Link>,
            ],
            "className": "error-output",
          },
          "ref": null,
          "rendered": Array [
            "Error loading photo.",
            Object {
              "instance": null,
              "key": undefined,
              "nodeType": "host",
              "props": Object {},
              "ref": null,
              "rendered": null,
              "type": "br",
            },
            Object {
              "instance": null,
              "key": undefined,
              "nodeType": "class",
              "props": Object {
                "children": "To the main page",
                "replace": false,
                "to": "/",
              },
              "ref": null,
              "rendered": "To the main page",
              "type": [Function],
            },
          ],
          "type": "div",
        },
        "type": "div",
      },
      Object {
        "instance": null,
        "key": undefined,
        "nodeType": "host",
        "props": Object {
          "children": Array [
            false,
            <Closer />,
            " ",
            <div
              className="single-photo thumbnail next"
              onClick={undefined}
>
              <Photo
                            photo={
                                          Object {
                                                        "id": "123",
                                                        "images": Object {
                                                          "downsized_medium": Object {
                                                            "url": "test_url",
                                                          },
                                                        },
                                                        "title": "test title",
                                                      }
                            }
              />
</div>,
          ],
          "className": "thumbnails",
        },
        "ref": null,
        "rendered": Array [
          false,
          Object {
            "instance": null,
            "key": undefined,
            "nodeType": "function",
            "props": Object {},
            "ref": null,
            "rendered": null,
            "type": [Function],
          },
          " ",
          Object {
            "instance": null,
            "key": undefined,
            "nodeType": "host",
            "props": Object {
              "children": <Photo
                photo={
                                Object {
                                                "id": "123",
                                                "images": Object {
                                                  "downsized_medium": Object {
                                                    "url": "test_url",
                                                  },
                                                },
                                                "title": "test title",
                                              }
                }
/>,
              "className": "single-photo thumbnail next",
              "onClick": undefined,
            },
            "ref": null,
            "rendered": Object {
              "instance": null,
              "key": undefined,
              "nodeType": "function",
              "props": Object {
                "photo": Object {
                  "id": "123",
                  "images": Object {
                    "downsized_medium": Object {
                      "url": "test_url",
                    },
                  },
                  "title": "test title",
                },
              },
              "ref": null,
              "rendered": null,
              "type": [Function],
            },
            "type": "div",
          },
        ],
        "type": "div",
      },
    ],
    "type": "div",
  },
  Symbol(enzyme.__nodes__): Array [
    Object {
      "instance": null,
      "key": undefined,
      "nodeType": "host",
      "props": Object {
        "children": Array [
          <div
            className="single-photo"
>
            <div
                        className="error-output"
            >
                        Error loading photo.
                        <br />
                        <Link
                                    replace={false}
                                    to="/"
                        >
                                    To the main page
                        </Link>
            </div>
</div>,
          <div
            className="thumbnails"
>
            <Closer />
             
            <div
                        className="single-photo thumbnail next"
                        onClick={undefined}
            >
                        <Photo
                                    photo={
                                                Object {
                                                            "id": "123",
                                                            "images": Object {
                                                              "downsized_medium": Object {
                                                                "url": "test_url",
                                                              },
                                                            },
                                                            "title": "test title",
                                                          }
                                    }
                        />
            </div>
</div>,
        ],
        "className": "single-photo-display",
      },
      "ref": null,
      "rendered": Array [
        Object {
          "instance": null,
          "key": undefined,
          "nodeType": "host",
          "props": Object {
            "children": <div
              className="error-output"
>
              Error loading photo.
              <br />
              <Link
                            replace={false}
                            to="/"
              >
                            To the main page
              </Link>
</div>,
            "className": "single-photo",
          },
          "ref": null,
          "rendered": Object {
            "instance": null,
            "key": undefined,
            "nodeType": "host",
            "props": Object {
              "children": Array [
                "Error loading photo.",
                <br />,
                <Link
                  replace={false}
                  to="/"
>
                  To the main page
</Link>,
              ],
              "className": "error-output",
            },
            "ref": null,
            "rendered": Array [
              "Error loading photo.",
              Object {
                "instance": null,
                "key": undefined,
                "nodeType": "host",
                "props": Object {},
                "ref": null,
                "rendered": null,
                "type": "br",
              },
              Object {
                "instance": null,
                "key": undefined,
                "nodeType": "class",
                "props": Object {
                  "children": "To the main page",
                  "replace": false,
                  "to": "/",
                },
                "ref": null,
                "rendered": "To the main page",
                "type": [Function],
              },
            ],
            "type": "div",
          },
          "type": "div",
        },
        Object {
          "instance": null,
          "key": undefined,
          "nodeType": "host",
          "props": Object {
            "children": Array [
              false,
              <Closer />,
              " ",
              <div
                className="single-photo thumbnail next"
                onClick={undefined}
>
                <Photo
                                photo={
                                                Object {
                                                                "id": "123",
                                                                "images": Object {
                                                                  "downsized_medium": Object {
                                                                    "url": "test_url",
                                                                  },
                                                                },
                                                                "title": "test title",
                                                              }
                                }
                />
</div>,
            ],
            "className": "thumbnails",
          },
          "ref": null,
          "rendered": Array [
            false,
            Object {
              "instance": null,
              "key": undefined,
              "nodeType": "function",
              "props": Object {},
              "ref": null,
              "rendered": null,
              "type": [Function],
            },
            " ",
            Object {
              "instance": null,
              "key": undefined,
              "nodeType": "host",
              "props": Object {
                "children": <Photo
                  photo={
                                    Object {
                                                      "id": "123",
                                                      "images": Object {
                                                        "downsized_medium": Object {
                                                          "url": "test_url",
                                                        },
                                                      },
                                                      "title": "test title",
                                                    }
                  }
/>,
                "className": "single-photo thumbnail next",
                "onClick": undefined,
              },
              "ref": null,
              "rendered": Object {
                "instance": null,
                "key": undefined,
                "nodeType": "function",
                "props": Object {
                  "photo": Object {
                    "id": "123",
                    "images": Object {
                      "downsized_medium": Object {
                        "url": "test_url",
                      },
                    },
                    "title": "test title",
                  },
                },
                "ref": null,
                "rendered": null,
                "type": [Function],
              },
              "type": "div",
            },
          ],
          "type": "div",
        },
      ],
      "type": "div",
    },
  ],
  Symbol(enzyme.__options__): Object {
    "adapter": ReactSixteenAdapter {
      "options": Object {
        "enableComponentDidUpdateOnSetState": true,
      },
    },
  },
}
`;

exports[`Single Renders without props 1`] = `
ShallowWrapper {
  "length": 1,
  Symbol(enzyme.__root__): [Circular],
  Symbol(enzyme.__unrendered__): <Single />,
  Symbol(enzyme.__renderer__): Object {
    "batchedUpdates": [Function],
    "getNode": [Function],
    "render": [Function],
    "simulateEvent": [Function],
    "unmount": [Function],
  },
  Symbol(enzyme.__node__): Object {
    "instance": null,
    "key": undefined,
    "nodeType": "host",
    "props": Object {
      "children": "Error occured",
      "className": "error-output",
    },
    "ref": null,
    "rendered": "Error occured",
    "type": "div",
  },
  Symbol(enzyme.__nodes__): Array [
    Object {
      "instance": null,
      "key": undefined,
      "nodeType": "host",
      "props": Object {
        "children": "Error occured",
        "className": "error-output",
      },
      "ref": null,
      "rendered": "Error occured",
      "type": "div",
    },
  ],
  Symbol(enzyme.__options__): Object {
    "adapter": ReactSixteenAdapter {
      "options": Object {
        "enableComponentDidUpdateOnSetState": true,
      },
    },
  },
}
`;
